// Jest Snapshot v1, https://goo.gl/fbAQLP

exports[`Serialize an image from slate state to markdown 1`] = `
"![Jack's profile picture with 'url' key instead of 'link](https://avatars.githubusercontent.com/u/2148168)
"
`;
